// Jest Snapshot v1, https://goo.gl/fbAQLP

exports[`App renders correctly 1`] = `
<RCTSafeAreaView
  style={
    {
      "backgroundColor": "#F3F3F3",
      "flex": 1,
    }
  }
>
  <View
    style={
      {
        "flex": 1,
        "padding": 23.125,
      }
    }
  >
    <Text>
      LoginScreen
    </Text>
  </View>
</RCTSafeAreaView>
`;
